Archive member included to satisfy reference by file (symbol)

/usr/lib/gcc/arm-none-eabi/9.2.1/thumb/v6-m/nofp/libgcc.a(_dvmd_tls.o)
                              CMakeFiles/hello_world.dir/root/pico-w/pico-sdk/src/rp2_common/pico_divider/divider.S.obj (__aeabi_idiv0)
/usr/lib/gcc/arm-none-eabi/9.2.1/../../../arm-none-eabi/lib/thumb/v6-m/nofp/libc.a(lib_a-atexit.o)
                              /usr/lib/gcc/arm-none-eabi/9.2.1/../../../arm-none-eabi/lib/thumb/v6-m/nofp/crt0.o (atexit)
/usr/lib/gcc/arm-none-eabi/9.2.1/../../../arm-none-eabi/lib/thumb/v6-m/nofp/libc.a(lib_a-atoi.o)
                              CMakeFiles/hello_world.dir/root/pico-w/pico-sdk/lib/lwip/src/core/netif.c.obj (atoi)
/usr/lib/gcc/arm-none-eabi/9.2.1/../../../arm-none-eabi/lib/thumb/v6-m/nofp/libc.a(lib_a-calloc.o)
                              CMakeFiles/hello_world.dir/root/pico-w/pico-sdk/src/rp2_common/pico_malloc/pico_malloc.c.obj (calloc)
/usr/lib/gcc/arm-none-eabi/9.2.1/../../../arm-none-eabi/lib/thumb/v6-m/nofp/libc.a(lib_a-callocr.o)
                              /usr/lib/gcc/arm-none-eabi/9.2.1/../../../arm-none-eabi/lib/thumb/v6-m/nofp/libc.a(lib_a-calloc.o) (_calloc_r)
/usr/lib/gcc/arm-none-eabi/9.2.1/../../../arm-none-eabi/lib/thumb/v6-m/nofp/libc.a(lib_a-ctype_.o)
                              CMakeFiles/hello_world.dir/root/pico-w/pico-sdk/lib/lwip/src/core/dns.c.obj (_ctype_)
/usr/lib/gcc/arm-none-eabi/9.2.1/../../../arm-none-eabi/lib/thumb/v6-m/nofp/libc.a(lib_a-fini.o)
                              /usr/lib/gcc/arm-none-eabi/9.2.1/../../../arm-none-eabi/lib/thumb/v6-m/nofp/crt0.o (__libc_fini_array)
/usr/lib/gcc/arm-none-eabi/9.2.1/../../../arm-none-eabi/lib/thumb/v6-m/nofp/libc.a(lib_a-impure.o)
                              /usr/lib/gcc/arm-none-eabi/9.2.1/../../../arm-none-eabi/lib/thumb/v6-m/nofp/libc.a(lib_a-calloc.o) (_impure_ptr)
/usr/lib/gcc/arm-none-eabi/9.2.1/../../../arm-none-eabi/lib/thumb/v6-m/nofp/libc.a(lib_a-init.o)
                              /usr/lib/gcc/arm-none-eabi/9.2.1/../../../arm-none-eabi/lib/thumb/v6-m/nofp/crt0.o (__libc_init_array)
/usr/lib/gcc/arm-none-eabi/9.2.1/../../../arm-none-eabi/lib/thumb/v6-m/nofp/libc.a(lib_a-malloc.o)
                              CMakeFiles/hello_world.dir/root/pico-w/pico-sdk/src/rp2_common/pico_malloc/pico_malloc.c.obj (malloc)
/usr/lib/gcc/arm-none-eabi/9.2.1/../../../arm-none-eabi/lib/thumb/v6-m/nofp/libc.a(lib_a-mallocr.o)
                              /usr/lib/gcc/arm-none-eabi/9.2.1/../../../arm-none-eabi/lib/thumb/v6-m/nofp/libc.a(lib_a-callocr.o) (_malloc_r)
/usr/lib/gcc/arm-none-eabi/9.2.1/../../../arm-none-eabi/lib/thumb/v6-m/nofp/libc.a(lib_a-memcmp.o)
                              CMakeFiles/hello_world.dir/root/pico-w/pico-sdk/lib/lwip/src/netif/ethernet.c.obj (memcmp)
/usr/lib/gcc/arm-none-eabi/9.2.1/../../../arm-none-eabi/lib/thumb/v6-m/nofp/libc.a(lib_a-memmove.o)
                              CMakeFiles/hello_world.dir/root/pico-w/pico-sdk/lib/lwip/src/core/def.c.obj (memmove)
/usr/lib/gcc/arm-none-eabi/9.2.1/../../../arm-none-eabi/lib/thumb/v6-m/nofp/libc.a(lib_a-mlock.o)
                              /usr/lib/gcc/arm-none-eabi/9.2.1/../../../arm-none-eabi/lib/thumb/v6-m/nofp/libc.a(lib_a-mallocr.o) (__malloc_lock)
/usr/lib/gcc/arm-none-eabi/9.2.1/../../../arm-none-eabi/lib/thumb/v6-m/nofp/libc.a(lib_a-realloc.o)
                              CMakeFiles/hello_world.dir/root/pico-w/pico-sdk/src/rp2_common/pico_malloc/pico_malloc.c.obj (realloc)
/usr/lib/gcc/arm-none-eabi/9.2.1/../../../arm-none-eabi/lib/thumb/v6-m/nofp/libc.a(lib_a-reallocr.o)
                              /usr/lib/gcc/arm-none-eabi/9.2.1/../../../arm-none-eabi/lib/thumb/v6-m/nofp/libc.a(lib_a-realloc.o) (_realloc_r)
/usr/lib/gcc/arm-none-eabi/9.2.1/../../../arm-none-eabi/lib/thumb/v6-m/nofp/libc.a(lib_a-sbrkr.o)
                              /usr/lib/gcc/arm-none-eabi/9.2.1/../../../arm-none-eabi/lib/thumb/v6-m/nofp/libc.a(lib_a-mallocr.o) (_sbrk_r)
/usr/lib/gcc/arm-none-eabi/9.2.1/../../../arm-none-eabi/lib/thumb/v6-m/nofp/libc.a(lib_a-strlen-stub.o)
                              CMakeFiles/hello_world.dir/root/pico-w/pico-sdk/src/rp2_common/pico_stdio/stdio.c.obj (strlen)
/usr/lib/gcc/arm-none-eabi/9.2.1/../../../arm-none-eabi/lib/thumb/v6-m/nofp/libc.a(lib_a-strncmp.o)
                              CMakeFiles/hello_world.dir/root/pico-w/pico-sdk/lib/lwip/src/core/def.c.obj (strncmp)
/usr/lib/gcc/arm-none-eabi/9.2.1/../../../arm-none-eabi/lib/thumb/v6-m/nofp/libc.a(lib_a-strtol.o)
                              /usr/lib/gcc/arm-none-eabi/9.2.1/../../../arm-none-eabi/lib/thumb/v6-m/nofp/libc.a(lib_a-atoi.o) (_strtol_r)
/usr/lib/gcc/arm-none-eabi/9.2.1/../../../arm-none-eabi/lib/thumb/v6-m/nofp/libc.a(lib_a-__atexit.o)
                              /usr/lib/gcc/arm-none-eabi/9.2.1/../../../arm-none-eabi/lib/thumb/v6-m/nofp/libc.a(lib_a-atexit.o) (__register_exitproc)
/usr/lib/gcc/arm-none-eabi/9.2.1/../../../arm-none-eabi/lib/thumb/v6-m/nofp/libc.a(lib_a-errno.o)
[...]
Memory Configuration

Name             Origin             Length             Attributes
FLASH            0x0000000010000000 0x0000000000200000 xr
RAM              0x0000000020000000 0x0000000000040000 xrw
SCRATCH_X        0x0000000020040000 0x0000000000001000 xrw
SCRATCH_Y        0x0000000020041000 0x0000000000001000 xrw
*default*        0x0000000000000000 0xffffffffffffffff

Linker script and memory map

LOAD /usr/lib/gcc/arm-none-eabi/9.2.1/thumb/v6-m/nofp/crti.o
LOAD /usr/lib/gcc/arm-none-eabi/9.2.1/thumb/v6-m/nofp/crtbegin.o
LOAD /usr/lib/gcc/arm-none-eabi/9.2.1/../../../arm-none-eabi/lib/thumb/v6-m/nofp/crt0.o

.flash_begin    0x0000000010000000        0x0
                0x0000000010000000                __flash_binary_start = .

.boot2          0x0000000010000000      0x100
                0x0000000010000000                __boot2_start__ = .
 *(.boot2)
 .boot2         0x0000000010000000      0x100 /tmp/ccsWt6WR.o
                0x0000000010000100                __boot2_end__ = .
                0x0000000000000001                ASSERT (((__boot2_end__ - __boot2_start__) == 0x100), ERROR: Pico second stage bootloader must be 256 bytes in size)

.text           0x0000000010000100     0x20c0
                0x0000000010000100                __logical_binary_start = .
 *(.vectors)
 .vectors       0x0000000010000100       0xd4 CMakeFiles/hello_world.dir/root/pico-w/pico-sdk/src/rp2_common/pico_standard_link/crt0.S.obj
                0x0000000010000100                __vectors
                0x0000000010000100                __VECTOR_TABLE
                0x00000000100001c0                isr_invalid
                0x00000000100001c0                __default_isrs_start
                0x00000000100001c2                isr_nmi
                0x00000000100001c4                isr_hardfault
                0x00000000100001c6                isr_svcall
                0x00000000100001c8                isr_pendsv
                0x00000000100001ca                isr_systick
                0x00000000100001cc                isr_irq30
                0x00000000100001cc                __unhandled_user_irq
                0x00000000100001cc                isr_irq13
                0x00000000100001cc                isr_irq27
                0x00000000100001cc                isr_irq31
                0x00000000100001cc                isr_irq5
                0x00000000100001cc                isr_irq11
                0x00000000100001cc                isr_irq23
                0x00000000100001cc                isr_irq18
                0x00000000100001cc                isr_irq28
                0x00000000100001cc                isr_irq19
                0x00000000100001cc                isr_irq0
                0x00000000100001cc                isr_irq6
                0x00000000100001cc                isr_irq22
                0x00000000100001cc                isr_irq17
                0x00000000100001cc                isr_irq14
                0x00000000100001cc                isr_irq2
                0x00000000100001cc                isr_irq10
                0x00000000100001cc                isr_irq8
                0x00000000100001cc                isr_irq24
                0x00000000100001cc                isr_irq1
                0x00000000100001cc                isr_irq7
                0x00000000100001cc                isr_irq21
                0x00000000100001cc                isr_irq20
                0x00000000100001cc                isr_irq15
                0x00000000100001cc                isr_irq25
                0x00000000100001cc                isr_irq4
                0x00000000100001cc                isr_irq16
                0x00000000100001cc                isr_irq29
                0x00000000100001cc                isr_irq26
                0x00000000100001cc                __default_isrs_end
                0x00000000100001cc                isr_irq3
                0x00000000100001cc                isr_irq12
                0x00000000100001cc                isr_irq9
                0x00000000100001d2                unhandled_user_irq_num_in_r0
 *(.binary_info_header)
 .binary_info_header
                0x00000000100001d4       0x14 CMakeFiles/hello_world.dir/root/pico-w/pico-sdk/src/rp2_common/pico_standard_link/crt0.S.obj
                0x00000000100001e8                __binary_info_header_end = .
 *(.reset)
 .reset         0x00000000100001e8       0xa0 CMakeFiles/hello_world.dir/root/pico-w/pico-sdk/src/rp2_common/pico_standard_link/crt0.S.obj
                0x00000000100001e8                _entry_point
 .reset         0x0000000010000288       0x30 CMakeFiles/hello_world.dir/root/pico-w/pico-sdk/src/rp2_common/pico_standard_link/binary_info.c.obj
 *(.init)
 .init          0x00000000100002b8        0x4 /usr/lib/gcc/arm-none-eabi/9.2.1/thumb/v6-m/nofp/crti.o
                0x00000000100002b8                _init
 *(EXCLUDE_FILE(*libm.a: *libc.a:*lib_a-mem*.o *libgcc.a:) .text*)
 .text          0x00000000100002bc       0x98 /usr/lib/gcc/arm-none-eabi/9.2.1/thumb/v6-m/nofp/crtbegin.o
 .text.startup.main
                0x0000000010000354       0x14 CMakeFiles/hello_world.dir/hello_world.c.obj
                0x0000000010000354                main
 .text.setup_default_uart
                0x0000000010000368        0x8 CMakeFiles/hello_world.dir/root/pico-w/pico-sdk/src/rp2_common/pico_stdlib/stdlib.c.obj
                0x0000000010000368                setup_default_uart
 .text.gpio_set_function
                0x0000000010000370       0x30 CMakeFiles/hello_world.dir/root/pico-w/pico-sdk/src/rp2_common/hardware_gpio/gpio.c.obj
                0x0000000010000370                gpio_set_function
 .text.running_on_fpga
                0x00000000100003a0       0x10 CMakeFiles/hello_world.dir/root/pico-w/pico-sdk/src/rp2_common/pico_platform/platform.c.obj
                0x00000000100003a0                running_on_fpga
 .text.hw_claim_or_assert
                0x00000000100003b0       0x48 CMakeFiles/hello_world.dir/root/pico-w/pico-sdk/src/rp2_common/hardware_claim/claim.c.obj
                0x00000000100003b0                hw_claim_or_assert
 .text.spin_locks_reset
                0x00000000100003f8       0x1c CMakeFiles/hello_world.dir/root/pico-w/pico-sdk/src/rp2_common/hardware_sync/sync.c.obj
                0x00000000100003f8                spin_locks_reset
 .text.next_striped_spin_lock_num
                0x0000000010000414       0x18 CMakeFiles/hello_world.dir/root/pico-w/pico-sdk/src/rp2_common/hardware_sync/sync.c.obj
                0x0000000010000414                next_striped_spin_lock_num
 .text.irq_set_enabled
                0x000000001000042c       0x24 CMakeFiles/hello_world.dir/root/pico-w/pico-sdk/src/rp2_common/hardware_irq/irq.c.obj
                0x000000001000042c                irq_set_enabled
 .text.irq_get_vtable_handler
                0x0000000010000450       0x10 CMakeFiles/hello_world.dir/root/pico-w/pico-sdk/src/rp2_common/hardware_irq/irq.c.obj
                0x0000000010000450                irq_get_vtable_handler
 .text.irq_set_exclusive_handler
                0x0000000010000460       0x54 CMakeFiles/hello_world.dir/root/pico-w/pico-sdk/src/rp2_common/hardware_irq/irq.c.obj
                0x0000000010000460                irq_set_exclusive_handler
 .text.irq_remove_handler
                0x00000000100004b4      0x1b4 CMakeFiles/hello_world.dir/root/pico-w/pico-sdk/src/rp2_common/hardware_irq/irq.c.obj
                0x00000000100004b4                irq_remove_handler
 .text.irq_add_tail_to_free_list
                0x0000000010000668       0xb4 CMakeFiles/hello_world.dir/root/pico-w/pico-sdk/src/rp2_common/hardware_irq/irq.c.obj
                0x0000000010000668                irq_add_tail_to_free_list
 .text.irq_init_priorities
                0x000000001000071c       0x24 CMakeFiles/hello_world.dir/root/pico-w/pico-sdk/src/rp2_common/hardware_irq/irq.c.obj
                0x000000001000071c                irq_init_priorities
 .text.lock_init
                0x0000000010000740       0x10 CMakeFiles/hello_world.dir/root/pico-w/pico-sdk/src/common/pico_sync/lock_core.c.obj
                0x0000000010000740                lock_init
 .text.mutex_init
                0x0000000010000750       0x1c CMakeFiles/hello_world.dir/root/pico-w/pico-sdk/src/common/pico_sync/mutex.c.obj
                0x0000000010000750                mutex_init
 .text.recursive_mutex_init
                0x000000001000076c       0x1c CMakeFiles/hello_world.dir/root/pico-w/pico-sdk/src/common/pico_sync/mutex.c.obj
                0x000000001000076c                recursive_mutex_init
 .text.timer_pool_entry_comparator
                0x0000000010000788       0x34 CMakeFiles/hello_world.dir/root/pico-w/pico-sdk/src/common/pico_time/time.c.obj
                0x0000000010000788                timer_pool_entry_comparator
 .text.sleep_until_callback
                0x00000000100007bc       0x30 CMakeFiles/hello_world.dir/root/pico-w/pico-sdk/src/common/pico_time/time.c.obj
 .text.add_alarm_under_lock
                0x00000000100007ec      0x108 CMakeFiles/hello_world.dir/root/pico-w/pico-sdk/src/common/pico_time/time.c.obj
 .text.alarm_pool_alarm_callback
                0x00000000100008f4      0x1b8 CMakeFiles/hello_world.dir/root/pico-w/pico-sdk/src/common/pico_time/time.c.obj
 .text.alarm_pool_init_default
                0x0000000010000aac       0x6c CMakeFiles/hello_world.dir/root/pico-w/pico-sdk/src/common/pico_time/time.c.obj
                0x0000000010000aac                alarm_pool_init_default
 .text.alarm_pool_add_alarm_at
                0x0000000010000b18      0x190 CMakeFiles/hello_world.dir/root/pico-w/pico-sdk/src/common/pico_time/time.c.obj
                0x0000000010000b18                alarm_pool_add_alarm_at
 .text.alarm_pool_cancel_alarm
                0x0000000010000ca8       0x70 CMakeFiles/hello_world.dir/root/pico-w/pico-sdk/src/common/pico_time/time.c.obj
                0x0000000010000ca8                alarm_pool_cancel_alarm
 .text.best_effort_wfe_or_timeout
                0x0000000010000d18       0x60 CMakeFiles/hello_world.dir/root/pico-w/pico-sdk/src/common/pico_time/time.c.obj
                0x0000000010000d18                best_effort_wfe_or_timeout
 .text.hardware_alarm_irq_handler
                0x0000000010000d78       0xbc CMakeFiles/hello_world.dir/root/pico-w/pico-sdk/src/rp2_common/hardware_timer/timer.c.obj
 .text.hardware_alarm_claim
                0x0000000010000e34       0x18 CMakeFiles/hello_world.dir/root/pico-w/pico-sdk/src/rp2_common/hardware_timer/timer.c.obj
                0x0000000010000e34                hardware_alarm_claim
 .text.time_us_64
                0x0000000010000e4c       0x14 CMakeFiles/hello_world.dir/root/pico-w/pico-sdk/src/rp2_common/hardware_timer/timer.c.obj
                0x0000000010000e4c                time_us_64
 .text.hardware_alarm_set_callback
                0x0000000010000e60       0x8c CMakeFiles/hello_world.dir/root/pico-w/pico-sdk/src/rp2_common/hardware_timer/timer.c.obj
                0x0000000010000e60                hardware_alarm_set_callback
 .text.hardware_alarm_set_target
                0x0000000010000eec       0xe4 CMakeFiles/hello_world.dir/root/pico-w/pico-sdk/src/rp2_common/hardware_timer/timer.c.obj
                0x0000000010000eec                hardware_alarm_set_target
 .text.hardware_alarm_cancel
                0x0000000010000fd0       0x40 CMakeFiles/hello_world.dir/root/pico-w/pico-sdk/src/rp2_common/hardware_timer/timer.c.obj
                0x0000000010000fd0                hardware_alarm_cancel
 .text.ph_merge_nodes
                0x0000000010001010       0x68 CMakeFiles/hello_world.dir/root/pico-w/pico-sdk/src/common/pico_util/pheap.c.obj
 .text.ph_post_alloc_init
                0x0000000010001078       0x3c CMakeFiles/hello_world.dir/root/pico-w/pico-sdk/src/common/pico_util/pheap.c.obj
                0x0000000010001078                ph_post_alloc_init
 .text.ph_merge_two_pass
                0x00000000100010b4       0x90 CMakeFiles/hello_world.dir/root/pico-w/pico-sdk/src/common/pico_util/pheap.c.obj
                0x00000000100010b4                ph_merge_two_pass
 .text.ph_remove_any_head
                0x0000000010001144      0x100 CMakeFiles/hello_world.dir/root/pico-w/pico-sdk/src/common/pico_util/pheap.c.obj
 .text.ph_remove_head
                0x0000000010001244      0x144 CMakeFiles/hello_world.dir/root/pico-w/pico-sdk/src/common/pico_util/pheap.c.obj
                0x0000000010001244                ph_remove_head
 .text.ph_remove_and_free_node
                0x0000000010001388       0x7c CMakeFiles/hello_world.dir/root/pico-w/pico-sdk/src/common/pico_util/pheap.c.obj
                0x0000000010001388                ph_remove_and_free_node
 .text.uart_init
                0x0000000010001404       0xe4 CMakeFiles/hello_world.dir/root/pico-w/pico-sdk/src/rp2_common/hardware_uart/uart.c.obj
                0x0000000010001404                uart_init
 .text.clocks_init
                0x00000000100014e8      0x2bc CMakeFiles/hello_world.dir/root/pico-w/pico-sdk/src/rp2_common/hardware_clocks/clocks.c.obj
                0x00000000100014e8                clocks_init
 .text.clock_get_hz
                0x00000000100017a4        0xc CMakeFiles/hello_world.dir/root/pico-w/pico-sdk/src/rp2_common/hardware_clocks/clocks.c.obj
                0x00000000100017a4                clock_get_hz
 .text.pll_init
                0x00000000100017b0       0xa8 CMakeFiles/hello_world.dir/root/pico-w/pico-sdk/src/rp2_common/hardware_pll/pll.c.obj
                0x00000000100017b0                pll_init
 .text.watchdog_start_tick
                0x0000000010001858       0x10 CMakeFiles/hello_world.dir/root/pico-w/pico-sdk/src/rp2_common/hardware_watchdog/watchdog.c.obj
                0x0000000010001858                watchdog_start_tick
 .text.xosc_init
                0x0000000010001868       0x28 CMakeFiles/hello_world.dir/root/pico-w/pico-sdk/src/rp2_common/hardware_xosc/xosc.c.obj
                0x0000000010001868                xosc_init
 .text.runtime_init
                0x0000000010001890       0xf0 CMakeFiles/hello_world.dir/root/pico-w/pico-sdk/src/rp2_common/pico_runtime/runtime.c.obj
                0x0000000010001890                runtime_init
 .text._exit    0x0000000010001980        0x4 CMakeFiles/hello_world.dir/root/pico-w/pico-sdk/src/rp2_common/pico_runtime/runtime.c.obj
                0x0000000010001980                _exit
 .text.exit     0x0000000010001984        0x8 CMakeFiles/hello_world.dir/root/pico-w/pico-sdk/src/rp2_common/pico_runtime/runtime.c.obj
                0x0000000010001984                exit
 .text.panic    0x000000001000198c       0x30 CMakeFiles/hello_world.dir/root/pico-w/pico-sdk/src/rp2_common/pico_runtime/runtime.c.obj
                0x000000001000198c                panic
 .text.hard_assertion_failure
                0x00000000100019bc        0xc CMakeFiles/hello_world.dir/root/pico-w/pico-sdk/src/rp2_common/pico_runtime/runtime.c.obj
                0x00000000100019bc                hard_assertion_failure
 .text._out_char
                0x00000000100019c8       0x10 CMakeFiles/hello_world.dir/root/pico-w/pico-sdk/src/rp2_common/pico_printf/printf.c.obj
 .text.weak_raw_vprintf
                0x00000000100019d8       0x30 CMakeFiles/hello_world.dir/root/pico-w/pico-sdk/src/rp2_common/pico_printf/printf.c.obj
                0x00000000100019d8                weak_raw_vprintf
 .text          0x0000000010001a08       0x10 CMakeFiles/hello_world.dir/root/pico-w/pico-sdk/src/rp2_common/pico_bit_ops/bit_ops_aeabi.S.obj
 .text.rom_func_lookup
                0x0000000010001a18       0x10 CMakeFiles/hello_world.dir/root/pico-w/pico-sdk/src/rp2_common/pico_bootrom/bootrom.c.obj
                0x0000000010001a18                rom_func_lookup
 .text.rom_data_lookup
                0x0000000010001a28       0x10 CMakeFiles/hello_world.dir/root/pico-w/pico-sdk/src/rp2_common/pico_bootrom/bootrom.c.obj
                0x0000000010001a28                rom_data_lookup
 .text.rom_funcs_lookup
                0x0000000010001a38       0x3c CMakeFiles/hello_world.dir/root/pico-w/pico-sdk/src/rp2_common/pico_bootrom/bootrom.c.obj
                0x0000000010001a38                rom_funcs_lookup
 .text.__wrap___aeabi_uidiv
                0x0000000010001a74       0x4c CMakeFiles/hello_world.dir/root/pico-w/pico-sdk/src/rp2_common/pico_divider/divider.S.obj
                0x0000000010001a74                __wrap___aeabi_uidiv
                0x0000000010001a74                __wrap___aeabi_uidivmod
                0x0000000010001a74                div_u32u32
                0x0000000010001a74                divmod_u32u32
                0x0000000010001a7c                divmod_u32u32_unsafe
                0x0000000010001aa4                divmod_u32u32_savestate
 .text.missing_double_func_shim
                0x0000000010001ac0        0xc CMakeFiles/hello_world.dir/root/pico-w/pico-sdk/src/rp2_common/pico_double/double_init_rom.c.obj
 .text.__aeabi_double_init
                0x0000000010001acc       0xc0 CMakeFiles/hello_world.dir/root/pico-w/pico-sdk/src/rp2_common/pico_double/double_init_rom.c.obj
                0x0000000010001acc                __aeabi_double_init
 .text.double_table_shim_on_use_helper
                0x0000000010001b8c       0x2c CMakeFiles/hello_world.dir/root/pico-w/pico-sdk/src/rp2_common/pico_double/double_v1_rom_shim.S.obj
                0x0000000010001b8c                double_table_shim_on_use_helper
 .text.missing_float_func_shim
                0x0000000010001bb8        0xc CMakeFiles/hello_world.dir/root/pico-w/pico-sdk/src/rp2_common/pico_float/float_init_rom.c.obj
 .text.__aeabi_float_init
                0x0000000010001bc4       0x5c CMakeFiles/hello_world.dir/root/pico-w/pico-sdk/src/rp2_common/pico_float/float_init_rom.c.obj
                0x0000000010001bc4                __aeabi_float_init
 .text          0x0000000010001c20       0x10 CMakeFiles/hello_world.dir/root/pico-w/pico-sdk/src/rp2_common/pico_mem_ops/mem_ops_aeabi.S.obj
                0x0000000010001c20                __aeabi_mem_init
 .text.memset   0x0000000010001c30        0xc CMakeFiles/hello_world.dir/root/pico-w/pico-sdk/src/rp2_common/pico_mem_ops/mem_ops_aeabi.S.obj
                0x0000000010001c30                __wrap_memset
 .text.memcpy   0x0000000010001c3c        0xc CMakeFiles/hello_world.dir/root/pico-w/pico-sdk/src/rp2_common/pico_mem_ops/mem_ops_aeabi.S.obj
                0x0000000010001c3c                __wrap___aeabi_memcpy
                0x0000000010001c3c                __wrap_memcpy
 .text.stdio_out_chars_no_crlf
                0x0000000010001c48       0x10 CMakeFiles/hello_world.dir/root/pico-w/pico-sdk/src/rp2_common/pico_stdio/stdio.c.obj
 .text.stdio_out_chars_crlf
                0x0000000010001c58       0x94 CMakeFiles/hello_world.dir/root/pico-w/pico-sdk/src/rp2_common/pico_stdio/stdio.c.obj
 .text.stdio_put_string
                0x0000000010001cec      0x104 CMakeFiles/hello_world.dir/root/pico-w/pico-sdk/src/rp2_common/pico_stdio/stdio.c.obj
 .text.__wrap_putchar
                0x0000000010001df0       0x98 CMakeFiles/hello_world.dir/root/pico-w/pico-sdk/src/rp2_common/pico_stdio/stdio.c.obj
                0x0000000010001df0                __wrap_putchar
 .text.__wrap_puts
                0x0000000010001e88       0x3c CMakeFiles/hello_world.dir/root/pico-w/pico-sdk/src/rp2_common/pico_stdio/stdio.c.obj
                0x0000000010001e88                __wrap_puts
 .text.stdio_set_driver_enabled
                0x0000000010001ec4       0x30 CMakeFiles/hello_world.dir/root/pico-w/pico-sdk/src/rp2_common/pico_stdio/stdio.c.obj
                0x0000000010001ec4                stdio_set_driver_enabled
 .text.stdio_uart_out_chars
                0x0000000010001ef4       0x4c CMakeFiles/hello_world.dir/root/pico-w/pico-sdk/src/rp2_common/pico_stdio_uart/stdio_uart.c.obj
 .text.stdio_uart_in_chars
                0x0000000010001f40       0x84 CMakeFiles/hello_world.dir/root/pico-w/pico-sdk/src/rp2_common/pico_stdio_uart/stdio_uart.c.obj
                0x0000000010001f40                stdio_uart_in_chars
 .text.on_uart_rx
                0x0000000010001fc4       0x28 CMakeFiles/hello_world.dir/root/pico-w/pico-sdk/src/rp2_common/pico_stdio_uart/stdio_uart.c.obj
 .text.stdio_uart_set_chars_available_callback
                0x0000000010001fec       0x8c CMakeFiles/hello_world.dir/root/pico-w/pico-sdk/src/rp2_common/pico_stdio_uart/stdio_uart.c.obj
 .text.stdio_uart_init
                0x0000000010002078       0x48 CMakeFiles/hello_world.dir/root/pico-w/pico-sdk/src/rp2_common/pico_stdio_uart/stdio_uart.c.obj
                0x0000000010002078                stdio_uart_init
 .text.startup._retrieve_unique_id_on_boot
                0x00000000100020c0       0x10 CMakeFiles/hello_world.dir/root/pico-w/pico-sdk/src/rp2_common/pico_unique_id/unique_id.c.obj
 .text.flash_get_unique_id
                0x00000000100020d0       0x40 CMakeFiles/hello_world.dir/root/pico-w/pico-sdk/src/rp2_common/hardware_flash/flash.c.obj
                0x00000000100020d0                flash_get_unique_id
 .text          0x0000000010002110       0x68 /usr/lib/gcc/arm-none-eabi/9.2.1/../../../arm-none-eabi/lib/thumb/v6-m/nofp/libc.a(lib_a-strlen-stub.o)
                0x0000000010002110                strlen
 *(.fini)
 .fini          0x0000000010002178        0x4 /usr/lib/gcc/arm-none-eabi/9.2.1/thumb/v6-m/nofp/crti.o
                0x0000000010002178                _fini
 *fill*         0x000000001000217c        0x4 
 .fini.__stub   0x0000000010002180       0x40 linker stubs
 *crtbegin.o(.ctors)
 *crtbegin?.o(.ctors)
 *(EXCLUDE_FILE(*crtend.o *crtend?.o) .ctors)
 *(SORT_BY_NAME(.ctors.*))
 *(.ctors)
 *crtbegin.o(.dtors)
 *crtbegin?.o(.dtors)
 *(EXCLUDE_FILE(*crtend.o *crtend?.o) .dtors)
 *(SORT_BY_NAME(.dtors.*))
 *(.dtors)
 *(.eh_frame*)
 .eh_frame      0x00000000100021c0        0x0 /usr/lib/gcc/arm-none-eabi/9.2.1/thumb/v6-m/nofp/crtbegin.o
                0x00000000100021c0                . = ALIGN (0x4)

.glue_7         0x00000000100021c0        0x0
 .glue_7        0x00000000100021c0        0x0 linker stubs

.glue_7t        0x00000000100021c0        0x0
 .glue_7t       0x00000000100021c0        0x0 linker stubs

.vfp11_veneer   0x00000000100021c0        0x0
 .vfp11_veneer  0x00000000100021c0        0x0 linker stubs

.v4_bx          0x00000000100021c0        0x0
 .v4_bx         0x00000000100021c0        0x0 linker stubs

.iplt           0x00000000100021c0        0x0
 .iplt          0x00000000100021c0        0x0 /usr/lib/gcc/arm-none-eabi/9.2.1/thumb/v6-m/nofp/crtbegin.o

.rodata         0x00000000100021c0      0x118
 *(EXCLUDE_FILE(*libm.a: *libc.a:*lib_a-mem*.o *libgcc.a:) .rodata*)
 .rodata.main.str1.4
                0x00000000100021c0        0xe CMakeFiles/hello_world.dir/hello_world.c.obj
 *fill*         0x00000000100021ce        0x2 
 .rodata.hardware_alarm_claim.str1.4
                0x00000000100021d0       0x22 CMakeFiles/hello_world.dir/root/pico-w/pico-sdk/src/rp2_common/hardware_timer/timer.c.obj
 *fill*         0x00000000100021f2        0x2 
 .rodata.panic.str1.4
                0x00000000100021f4       0x12 CMakeFiles/hello_world.dir/root/pico-w/pico-sdk/src/rp2_common/pico_runtime/runtime.c.obj
 *fill*         0x0000000010002206        0x2 
 .rodata.hard_assertion_failure.str1.4
                0x0000000010002208        0xc CMakeFiles/hello_world.dir/root/pico-w/pico-sdk/src/rp2_common/pico_runtime/runtime.c.obj
 .rodata.missing_double_func_shim.str1.4
                0x0000000010002214       0x18 CMakeFiles/hello_world.dir/root/pico-w/pico-sdk/src/rp2_common/pico_double/double_init_rom.c.obj
 .rodata.missing_float_func_shim.str1.4
                0x000000001000222c        0x1 CMakeFiles/hello_world.dir/root/pico-w/pico-sdk/src/rp2_common/pico_float/float_init_rom.c.obj
 *fill*         0x000000001000222d        0x3 
 .rodata.str1.4
                0x0000000010002230       0x40 CMakeFiles/hello_world.dir/root/pico-w/pico-sdk/src/rp2_common/pico_standard_link/binary_info.c.obj
 .rodata.__bi_44
                0x0000000010002270        0xc CMakeFiles/hello_world.dir/root/pico-w/pico-sdk/src/rp2_common/pico_standard_link/binary_info.c.obj
 .rodata.__bi_75
                0x000000001000227c        0xc CMakeFiles/hello_world.dir/root/pico-w/pico-sdk/src/rp2_common/pico_standard_link/binary_info.c.obj
 .rodata.__bi_81
                0x0000000010002288        0xc CMakeFiles/hello_world.dir/root/pico-w/pico-sdk/src/rp2_common/pico_standard_link/binary_info.c.obj
 .rodata.crlf_str.6233
                0x0000000010002294        0x2 CMakeFiles/hello_world.dir/root/pico-w/pico-sdk/src/rp2_common/pico_stdio/stdio.c.obj
 *fill*         0x0000000010002296        0x2 
 .rodata.str1.4
                0x0000000010002298       0x2c CMakeFiles/hello_world.dir/root/pico-w/pico-sdk/src/rp2_common/pico_stdio_uart/stdio_uart.c.obj
 .rodata.__bi_33.4878
                0x00000000100022c4        0xc CMakeFiles/hello_world.dir/root/pico-w/pico-sdk/src/rp2_common/pico_stdio_uart/stdio_uart.c.obj
 .rodata.__bi_34.4882
                0x00000000100022d0        0x8 CMakeFiles/hello_world.dir/root/pico-w/pico-sdk/src/rp2_common/pico_stdio_uart/stdio_uart.c.obj
                0x00000000100022d8                . = ALIGN (0x4)
 *(SORT_BY_ALIGNMENT(SORT_BY_NAME(.flashdata*)))
                0x00000000100022d8                . = ALIGN (0x4)

.rel.dyn        0x00000000100022d8        0x0
 .rel.iplt      0x00000000100022d8        0x0 /usr/lib/gcc/arm-none-eabi/9.2.1/thumb/v6-m/nofp/crtbegin.o

.ARM.extab
 *(.ARM.extab* .gnu.linkonce.armextab.*)
                0x00000000100022d8                __exidx_start = .

.ARM.exidx
 *(.ARM.exidx* .gnu.linkonce.armexidx.*)
                0x00000000100022d8                __exidx_end = .
                0x00000000100022d8                . = ALIGN (0x4)
                0x00000000100022d8                __binary_info_start = .

.binary_info    0x00000000100022d8       0x24
 *(.binary_info.keep.*)
 .binary_info.keep.__bi_ptr22
                0x00000000100022d8        0x4 CMakeFiles/hello_world.dir/root/pico-w/pico-sdk/src/rp2_common/pico_standard_link/binary_info.c.obj
 .binary_info.keep.__bi_ptr30
                0x00000000100022dc        0x4 CMakeFiles/hello_world.dir/root/pico-w/pico-sdk/src/rp2_common/pico_standard_link/binary_info.c.obj
 .binary_info.keep.__bi_ptr38
                0x00000000100022e0        0x4 CMakeFiles/hello_world.dir/root/pico-w/pico-sdk/src/rp2_common/pico_standard_link/binary_info.c.obj
 .binary_info.keep.__bi_ptr44
                0x00000000100022e4        0x4 CMakeFiles/hello_world.dir/root/pico-w/pico-sdk/src/rp2_common/pico_standard_link/binary_info.c.obj
 .binary_info.keep.__bi_ptr50
                0x00000000100022e8        0x4 CMakeFiles/hello_world.dir/root/pico-w/pico-sdk/src/rp2_common/pico_standard_link/binary_info.c.obj
 .binary_info.keep.__bi_ptr75
                0x00000000100022ec        0x4 CMakeFiles/hello_world.dir/root/pico-w/pico-sdk/src/rp2_common/pico_standard_link/binary_info.c.obj
 .binary_info.keep.__bi_ptr81
                0x00000000100022f0        0x4 CMakeFiles/hello_world.dir/root/pico-w/pico-sdk/src/rp2_common/pico_standard_link/binary_info.c.obj
 *(.binary_info.*)
 .binary_info.__bi_ptr33
                0x00000000100022f4        0x4 CMakeFiles/hello_world.dir/root/pico-w/pico-sdk/src/rp2_common/pico_stdio_uart/stdio_uart.c.obj
 .binary_info.__bi_ptr34
                0x00000000100022f8        0x4 CMakeFiles/hello_world.dir/root/pico-w/pico-sdk/src/rp2_common/pico_stdio_uart/stdio_uart.c.obj
                0x00000000100022fc                __binary_info_end = .
                0x00000000100022fc                . = ALIGN (0x4)
                0x00000000100022fc                __etext = .

.ram_vector_table
                0x0000000020000000       0xc0
 *(.ram_vector_table)
 .ram_vector_table
                0x0000000020000000       0xc0 CMakeFiles/hello_world.dir/root/pico-w/pico-sdk/src/rp2_common/pico_runtime/runtime.c.obj
                0x0000000020000000                ram_vector_table

.data           0x00000000200000c0      0x2f8 load address 0x00000000100022fc
                0x00000000200000c0                __data_start__ = .
 *(vtable)
 *(.time_critical*)
 .time_critical.mutex_try_enter_block_until
                0x00000000200000c0       0xb0 CMakeFiles/hello_world.dir/root/pico-w/pico-sdk/src/common/pico_sync/mutex.c.obj
                0x00000000200000c0                mutex_try_enter_block_until
 .time_critical.mutex_exit
                0x0000000020000170       0x28 CMakeFiles/hello_world.dir/root/pico-w/pico-sdk/src/common/pico_sync/mutex.c.obj
                0x0000000020000170                mutex_exit
 .time_critical.flash_init_boot2_copyout
                0x0000000020000198       0x30 CMakeFiles/hello_world.dir/root/pico-w/pico-sdk/src/rp2_common/hardware_flash/flash.c.obj
 .time_critical.flash_enable_xip_via_boot2
                0x00000000200001c8       0x10 CMakeFiles/hello_world.dir/root/pico-w/pico-sdk/src/rp2_common/hardware_flash/flash.c.obj
 .time_critical.flash_cs_force
                0x00000000200001d8       0x38 CMakeFiles/hello_world.dir/root/pico-w/pico-sdk/src/rp2_common/hardware_flash/flash.c.obj
 .time_critical.flash_do_cmd
                0x0000000020000210       0xc4 CMakeFiles/hello_world.dir/root/pico-w/pico-sdk/src/rp2_common/hardware_flash/flash.c.obj
                0x0000000020000210                flash_do_cmd
 *(.text*)
 .text          0x00000000200002d4        0x4 /usr/lib/gcc/arm-none-eabi/9.2.1/thumb/v6-m/nofp/libgcc.a(_dvmd_tls.o)
                0x00000000200002d4                __aeabi_ldiv0
                0x00000000200002d4                __aeabi_idiv0
 .text.__stub   0x00000000200002d8       0x10 linker stubs
                0x00000000200002e8                . = ALIGN (0x4)
 *(.rodata*)
                0x00000000200002e8                . = ALIGN (0x4)
 *(.data*)
 .data.striped_spin_lock_num
                0x00000000200002e8        0x1 CMakeFiles/hello_world.dir/root/pico-w/pico-sdk/src/rp2_common/hardware_sync/sync.c.obj
 *fill*         0x00000000200002e9        0x3 
 .data          0x00000000200002ec       0x48 CMakeFiles/hello_world.dir/root/pico-w/pico-sdk/src/rp2_common/hardware_irq/irq_handler_chain.S.obj
                0x00000000200002ec                irq_handler_chain_slots
                0x000000002000031c                irq_handler_chain_first_slot
                0x0000000020000326                irq_handler_chain_remove_tail
 .data.default_alarm_pool
                0x0000000020000334       0x18 CMakeFiles/hello_world.dir/root/pico-w/pico-sdk/src/common/pico_time/time.c.obj
 .data.default_alarm_pool_heap
                0x000000002000034c       0x10 CMakeFiles/hello_world.dir/root/pico-w/pico-sdk/src/common/pico_time/time.c.obj
 *fill*         0x000000002000035c        0x4 
 .data.aeabi_bits_funcs
                0x0000000020000360       0x10 CMakeFiles/hello_world.dir/root/pico-w/pico-sdk/src/rp2_common/pico_bit_ops/bit_ops_aeabi.S.obj
                0x0000000020000360                aeabi_bits_funcs
                0x0000000020000370                aeabi_bits_funcs_end
 .data.aeabi_mem_funcs
                0x0000000020000370       0x10 CMakeFiles/hello_world.dir/root/pico-w/pico-sdk/src/rp2_common/pico_mem_ops/mem_ops_aeabi.S.obj
                0x0000000020000370                aeabi_mem_funcs
                0x0000000020000380                aeabi_mem_funcs_end
 .data.stdio_uart
                0x0000000020000380       0x18 CMakeFiles/hello_world.dir/root/pico-w/pico-sdk/src/rp2_common/pico_stdio_uart/stdio_uart.c.obj
                0x0000000020000380                stdio_uart
                0x0000000020000398                . = ALIGN (0x4)
 *(.after_data.*)
                0x0000000020000398                . = ALIGN (0x4)
                0x0000000020000398                PROVIDE (__mutex_array_start = .)
 *(SORT_BY_NAME(.mutex_array.*))
 *(.mutex_array)
 .mutex_array   0x0000000020000398        0x8 CMakeFiles/hello_world.dir/root/pico-w/pico-sdk/src/rp2_common/pico_stdio/stdio.c.obj
                0x00000000200003a0                PROVIDE (__mutex_array_end = .)
                0x00000000200003a0                . = ALIGN (0x4)
                0x00000000200003a0                PROVIDE (__preinit_array_start = .)
 *(SORT_BY_NAME(.preinit_array.*))
 .preinit_array.00001
                0x00000000200003a0        0x4 CMakeFiles/hello_world.dir/root/pico-w/pico-sdk/src/rp2_common/pico_mem_ops/mem_ops_aeabi.S.obj
 .preinit_array.00010
                0x00000000200003a4        0x4 CMakeFiles/hello_world.dir/root/pico-w/pico-sdk/src/rp2_common/pico_bit_ops/bit_ops_aeabi.S.obj
 .preinit_array.00020
                0x00000000200003a8        0x4 CMakeFiles/hello_world.dir/root/pico-w/pico-sdk/src/rp2_common/pico_double/double_aeabi.S.obj
 .preinit_array.00020
                0x00000000200003ac        0x4 CMakeFiles/hello_world.dir/root/pico-w/pico-sdk/src/rp2_common/pico_float/float_aeabi.S.obj
 *(.preinit_array)
                0x00000000200003b0                PROVIDE (__preinit_array_end = .)
                0x00000000200003b0                . = ALIGN (0x4)
                0x00000000200003b0                PROVIDE (__init_array_start = .)
 *(SORT_BY_NAME(.init_array.*))
 *(.init_array)
 .init_array    0x00000000200003b0        0x4 /usr/lib/gcc/arm-none-eabi/9.2.1/thumb/v6-m/nofp/crtbegin.o
 .init_array    0x00000000200003b4        0x4 CMakeFiles/hello_world.dir/root/pico-w/pico-sdk/src/rp2_common/pico_unique_id/unique_id.c.obj
                0x00000000200003b8                PROVIDE (__init_array_end = .)
                0x00000000200003b8                . = ALIGN (0x4)
                0x00000000200003b8                PROVIDE (__fini_array_start = .)
 *(SORT_BY_NAME(.fini_array.*))
 *(.fini_array)
                0x00000000200003b8                PROVIDE (__fini_array_end = .)
 *(.jcr)
                0x00000000200003b8                . = ALIGN (0x4)
                0x00000000200003b8                __data_end__ = .

.tm_clone_table
                0x00000000200003b8        0x0 load address 0x00000000100025f4
 .tm_clone_table
                0x00000000200003b8        0x0 /usr/lib/gcc/arm-none-eabi/9.2.1/thumb/v6-m/nofp/crtbegin.o
 .tm_clone_table
                0x00000000200003b8        0x0 /usr/lib/gcc/arm-none-eabi/9.2.1/thumb/v6-m/nofp/crtend.o

.igot.plt       0x00000000200003b8        0x0 load address 0x00000000100025f4
 .igot.plt      0x00000000200003b8        0x0 /usr/lib/gcc/arm-none-eabi/9.2.1/thumb/v6-m/nofp/crtbegin.o

.uninitialized_data
                0x00000000200003b8        0x0 load address 0x00000000100025f4
                0x00000000200003b8                . = ALIGN (0x4)
 *(.uninitialized_data*)

.scratch_x      0x0000000020040000        0x0 load address 0x00000000100025f4
                0x0000000020040000                __scratch_x_start__ = .
 *(.scratch_x.*)
                0x0000000020040000                . = ALIGN (0x4)
                0x0000000020040000                __scratch_x_end__ = .
                0x00000000100025f4                __scratch_x_source__ = LOADADDR (.scratch_x)

.scratch_y      0x0000000020041000        0x0 load address 0x00000000100025f4
                0x0000000020041000                __scratch_y_start__ = .
 *(.scratch_y.*)
                0x0000000020041000                . = ALIGN (0x4)
                0x0000000020041000                __scratch_y_end__ = .
                0x00000000100025f4                __scratch_y_source__ = LOADADDR (.scratch_y)

.bss            0x00000000200003b8      0x4e4
                0x00000000200003b8                . = ALIGN (0x4)
                0x00000000200003b8                __bss_start__ = .
 *(SORT_BY_ALIGNMENT(SORT_BY_NAME(.bss*)))
 .bss.default_alarm_pool_entries
                0x00000000200003b8      0x100 CMakeFiles/hello_world.dir/root/pico-w/pico-sdk/src/common/pico_time/time.c.obj
 .bss           0x00000000200004b8       0x1c /usr/lib/gcc/arm-none-eabi/9.2.1/thumb/v6-m/nofp/crtbegin.o
 .bss.alarm_callbacks
                0x00000000200004d4       0x10 CMakeFiles/hello_world.dir/root/pico-w/pico-sdk/src/rp2_common/hardware_timer/timer.c.obj
 .bss.boot2_copyout
                0x00000000200004e4      0x100 CMakeFiles/hello_world.dir/root/pico-w/pico-sdk/src/rp2_common/hardware_flash/flash.c.obj
 .bss.chars_available_callback
                0x00000000200005e4        0x4 CMakeFiles/hello_world.dir/root/pico-w/pico-sdk/src/rp2_common/pico_stdio_uart/stdio_uart.c.obj
 .bss.chars_available_param
                0x00000000200005e8        0x4 CMakeFiles/hello_world.dir/root/pico-w/pico-sdk/src/rp2_common/pico_stdio_uart/stdio_uart.c.obj
 .bss.configured_freq
                0x00000000200005ec       0x28 CMakeFiles/hello_world.dir/root/pico-w/pico-sdk/src/rp2_common/hardware_clocks/clocks.c.obj
 .bss.default_alarm_pool_entry_ids_high
                0x0000000020000614       0x10 CMakeFiles/hello_world.dir/root/pico-w/pico-sdk/src/common/pico_time/time.c.obj
 .bss.default_alarm_pool_heap_nodes
                0x0000000020000624       0x30 CMakeFiles/hello_world.dir/root/pico-w/pico-sdk/src/common/pico_time/time.c.obj
 .bss.drivers   0x0000000020000654        0x4 CMakeFiles/hello_world.dir/root/pico-w/pico-sdk/src/rp2_common/pico_stdio/stdio.c.obj
 .bss.filter    0x0000000020000658        0x4 CMakeFiles/hello_world.dir/root/pico-w/pico-sdk/src/rp2_common/pico_stdio/stdio.c.obj
 .bss.lazy_vsnprintf
                0x000000002000065c        0x4 CMakeFiles/hello_world.dir/root/pico-w/pico-sdk/src/rp2_common/pico_printf/printf.c.obj
 .bss.pools     0x0000000020000660       0x10 CMakeFiles/hello_world.dir/root/pico-w/pico-sdk/src/common/pico_time/time.c.obj
 .bss.retrieved_id
                0x0000000020000670        0x8 CMakeFiles/hello_world.dir/root/pico-w/pico-sdk/src/rp2_common/pico_unique_id/unique_id.c.obj
 .bss.sf_clz_func
                0x0000000020000678        0x4 CMakeFiles/hello_world.dir/root/pico-w/pico-sdk/src/rp2_common/pico_double/double_init_rom.c.obj
                0x0000000020000678                sf_clz_func
 .bss.sleep_notifier
                0x000000002000067c        0x4 CMakeFiles/hello_world.dir/root/pico-w/pico-sdk/src/common/pico_time/time.c.obj
 .bss.target_hi
                0x0000000020000680       0x10 CMakeFiles/hello_world.dir/root/pico-w/pico-sdk/src/rp2_common/hardware_timer/timer.c.obj
 .bss.uart_instance
                0x0000000020000690        0x4 CMakeFiles/hello_world.dir/root/pico-w/pico-sdk/src/rp2_common/pico_stdio_uart/stdio_uart.c.obj
 .bss.boot2_copyout_valid
                0x0000000020000694        0x1 CMakeFiles/hello_world.dir/root/pico-w/pico-sdk/src/rp2_common/hardware_flash/flash.c.obj
 .bss.claimed   0x0000000020000695        0x1 CMakeFiles/hello_world.dir/root/pico-w/pico-sdk/src/rp2_common/hardware_timer/timer.c.obj
 .bss.irq_hander_chain_free_slot_head
                0x0000000020000696        0x1 CMakeFiles/hello_world.dir/root/pico-w/pico-sdk/src/rp2_common/hardware_irq/irq.c.obj
 .bss.timer_callbacks_pending
                0x0000000020000697        0x1 CMakeFiles/hello_world.dir/root/pico-w/pico-sdk/src/rp2_common/hardware_timer/timer.c.obj
 *(COMMON)
 COMMON         0x0000000020000698        0x4 CMakeFiles/hello_world.dir/root/pico-w/pico-sdk/src/rp2_common/hardware_uart/uart.c.obj
                0x0000000020000698                uart_char_to_line_feed
 COMMON         0x000000002000069c      0x100 CMakeFiles/hello_world.dir/root/pico-w/pico-sdk/src/rp2_common/pico_double/double_init_rom.c.obj
                0x000000002000069c                sd_table
 COMMON         0x000000002000079c      0x100 CMakeFiles/hello_world.dir/root/pico-w/pico-sdk/src/rp2_common/pico_float/float_init_rom.c.obj
                0x000000002000079c                sf_table
                0x000000002000089c                . = ALIGN (0x4)
                0x000000002000089c                __bss_end__ = .

.heap           0x000000002000089c      0x800
                0x000000002000089c                __end__ = .
                0x000000002000089c                end = __end__
 *(.heap*)
 .heap          0x000000002000089c      0x800 CMakeFiles/hello_world.dir/root/pico-w/pico-sdk/src/rp2_common/pico_standard_link/crt0.S.obj
                0x000000002000109c                __HeapLimit = .

.stack1_dummy   0x0000000020040000        0x0
 *(.stack1*)

.stack_dummy    0x0000000020041000      0x800
 *(.stack*)
 .stack         0x0000000020041000      0x800 CMakeFiles/hello_world.dir/root/pico-w/pico-sdk/src/rp2_common/pico_standard_link/crt0.S.obj

.flash_end      0x00000000100025f4        0x0
                0x00000000100025f4                __flash_binary_end = .
                0x0000000020040000                __StackLimit = (ORIGIN (RAM) + LENGTH (RAM))
                0x0000000020041000                __StackOneTop = (ORIGIN (SCRATCH_X) + LENGTH (SCRATCH_X))
                0x0000000020042000                __StackTop = (ORIGIN (SCRATCH_Y) + LENGTH (SCRATCH_Y))
                0x0000000020041000                __StackOneBottom = (__StackOneTop - SIZEOF (.stack1_dummy))
                0x0000000020041800                __StackBottom = (__StackTop - SIZEOF (.stack_dummy))
                0x0000000020042000                PROVIDE (__stack = __StackTop)
                0x0000000000000001                ASSERT ((__StackLimit >= __HeapLimit), region RAM overflowed)
                0x0000000000000001                ASSERT (((__binary_info_header_end - __logical_binary_start) <= 0x100), Binary info must be in first 256 bytes of the binary)
LOAD CMakeFiles/hello_world.dir/hello_world.c.obj
LOAD CMakeFiles/hello_world.dir/picow_tcp_client.c.obj
LOAD CMakeFiles/hello_world.dir/root/pico-w/pico-sdk/src/rp2_common/pico_stdlib/stdlib.c.obj
LOAD CMakeFiles/hello_world.dir/root/pico-w/pico-sdk/src/rp2_common/hardware_gpio/gpio.c.obj
LOAD CMakeFiles/hello_world.dir/root/pico-w/pico-sdk/src/rp2_common/pico_platform/platform.c.obj
LOAD CMakeFiles/hello_world.dir/root/pico-w/pico-sdk/src/rp2_common/hardware_claim/claim.c.obj
LOAD CMakeFiles/hello_world.dir/root/pico-w/pico-sdk/src/rp2_common/hardware_sync/sync.c.obj
LOAD CMakeFiles/hello_world.dir/root/pico-w/pico-sdk/src/rp2_common/hardware_irq/irq.c.obj
LOAD CMakeFiles/hello_world.dir/root/pico-w/pico-sdk/src/rp2_common/hardware_irq/irq_handler_chain.S.obj
LOAD CMakeFiles/hello_world.dir/root/pico-w/pico-sdk/src/common/pico_sync/sem.c.obj
LOAD CMakeFiles/hello_world.dir/root/pico-w/pico-sdk/src/common/pico_sync/lock_core.c.obj
LOAD CMakeFiles/hello_world.dir/root/pico-w/pico-sdk/src/common/pico_sync/mutex.c.obj
LOAD CMakeFiles/hello_world.dir/root/pico-w/pico-sdk/src/common/pico_sync/critical_section.c.obj
LOAD CMakeFiles/hello_world.dir/root/pico-w/pico-sdk/src/common/pico_time/time.c.obj
LOAD CMakeFiles/hello_world.dir/root/pico-w/pico-sdk/src/common/pico_time/timeout_helper.c.obj
LOAD CMakeFiles/hello_world.dir/root/pico-w/pico-sdk/src/rp2_common/hardware_timer/timer.c.obj
LOAD CMakeFiles/hello_world.dir/root/pico-w/pico-sdk/src/common/pico_util/datetime.c.obj
LOAD CMakeFiles/hello_world.dir/root/pico-w/pico-sdk/src/common/pico_util/pheap.c.obj
LOAD CMakeFiles/hello_world.dir/root/pico-w/pico-sdk/src/common/pico_util/queue.c.obj
LOAD CMakeFiles/hello_world.dir/root/pico-w/pico-sdk/src/rp2_common/hardware_uart/uart.c.obj
LOAD CMakeFiles/hello_world.dir/root/pico-w/pico-sdk/src/rp2_common/hardware_clocks/clocks.c.obj
LOAD CMakeFiles/hello_world.dir/root/pico-w/pico-sdk/src/rp2_common/hardware_pll/pll.c.obj
LOAD CMakeFiles/hello_world.dir/root/pico-w/pico-sdk/src/rp2_common/hardware_vreg/vreg.c.obj
LOAD CMakeFiles/hello_world.dir/root/pico-w/pico-sdk/src/rp2_common/hardware_watchdog/watchdog.c.obj
LOAD CMakeFiles/hello_world.dir/root/pico-w/pico-sdk/src/rp2_common/hardware_xosc/xosc.c.obj
LOAD CMakeFiles/hello_world.dir/root/pico-w/pico-sdk/src/rp2_common/hardware_divider/divider.S.obj
LOAD CMakeFiles/hello_world.dir/root/pico-w/pico-sdk/src/rp2_common/pico_runtime/runtime.c.obj
LOAD CMakeFiles/hello_world.dir/root/pico-w/pico-sdk/src/rp2_common/pico_printf/printf.c.obj
LOAD CMakeFiles/hello_world.dir/root/pico-w/pico-sdk/src/rp2_common/pico_bit_ops/bit_ops_aeabi.S.obj
LOAD CMakeFiles/hello_world.dir/root/pico-w/pico-sdk/src/rp2_common/pico_bootrom/bootrom.c.obj
LOAD CMakeFiles/hello_world.dir/root/pico-w/pico-sdk/src/rp2_common/pico_divider/divider.S.obj
LOAD CMakeFiles/hello_world.dir/root/pico-w/pico-sdk/src/rp2_common/pico_double/double_aeabi.S.obj
LOAD CMakeFiles/hello_world.dir/root/pico-w/pico-sdk/src/rp2_common/pico_double/double_init_rom.c.obj
LOAD CMakeFiles/hello_world.dir/root/pico-w/pico-sdk/src/rp2_common/pico_double/double_math.c.obj
LOAD CMakeFiles/hello_world.dir/root/pico-w/pico-sdk/src/rp2_common/pico_double/double_v1_rom_shim.S.obj
LOAD CMakeFiles/hello_world.dir/root/pico-w/pico-sdk/src/rp2_common/pico_int64_ops/pico_int64_ops_aeabi.S.obj
LOAD CMakeFiles/hello_world.dir/root/pico-w/pico-sdk/src/rp2_common/pico_float/float_aeabi.S.obj
LOAD CMakeFiles/hello_world.dir/root/pico-w/pico-sdk/src/rp2_common/pico_float/float_init_rom.c.obj
LOAD CMakeFiles/hello_world.dir/root/pico-w/pico-sdk/src/rp2_common/pico_float/float_math.c.obj
LOAD CMakeFiles/hello_world.dir/root/pico-w/pico-sdk/src/rp2_common/pico_float/float_v1_rom_shim.S.obj
LOAD CMakeFiles/hello_world.dir/root/pico-w/pico-sdk/src/rp2_common/pico_malloc/pico_malloc.c.obj
LOAD CMakeFiles/hello_world.dir/root/pico-w/pico-sdk/src/rp2_common/pico_mem_ops/mem_ops_aeabi.S.obj
LOAD CMakeFiles/hello_world.dir/root/pico-w/pico-sdk/src/rp2_common/pico_standard_link/crt0.S.obj
LOAD CMakeFiles/hello_world.dir/root/pico-w/pico-sdk/src/rp2_common/pico_standard_link/new_delete.cpp.obj
LOAD CMakeFiles/hello_world.dir/root/pico-w/pico-sdk/src/rp2_common/pico_standard_link/binary_info.c.obj
LOAD CMakeFiles/hello_world.dir/root/pico-w/pico-sdk/src/rp2_common/pico_stdio/stdio.c.obj
LOAD CMakeFiles/hello_world.dir/root/pico-w/pico-sdk/src/rp2_common/pico_stdio_uart/stdio_uart.c.obj
LOAD CMakeFiles/hello_world.dir/root/pico-w/pico-sdk/src/rp2_common/pico_lwip/lwip_nosys.c.obj
LOAD CMakeFiles/hello_world.dir/root/pico-w/pico-sdk/src/rp2_common/pico_async_context/async_context_base.c.obj
LOAD CMakeFiles/hello_world.dir/root/pico-w/pico-sdk/src/rp2_common/pico_rand/rand.c.obj
LOAD CMakeFiles/hello_world.dir/root/pico-w/pico-sdk/src/rp2_common/pico_unique_id/unique_id.c.obj
LOAD CMakeFiles/hello_world.dir/root/pico-w/pico-sdk/src/rp2_common/hardware_flash/flash.c.obj
LOAD CMakeFiles/hello_world.dir/root/pico-w/pico-sdk/lib/lwip/src/core/init.c.obj
LOAD CMakeFiles/hello_world.dir/root/pico-w/pico-sdk/lib/lwip/src/core/def.c.obj
LOAD CMakeFiles/hello_world.dir/root/pico-w/pico-sdk/lib/lwip/src/core/dns.c.obj
LOAD CMakeFiles/hello_world.dir/root/pico-w/pico-sdk/lib/lwip/src/core/inet_chksum.c.obj
LOAD CMakeFiles/hello_world.dir/root/pico-w/pico-sdk/lib/lwip/src/core/ip.c.obj
LOAD CMakeFiles/hello_world.dir/root/pico-w/pico-sdk/lib/lwip/src/core/mem.c.obj
LOAD CMakeFiles/hello_world.dir/root/pico-w/pico-sdk/lib/lwip/src/core/memp.c.obj
LOAD CMakeFiles/hello_world.dir/root/pico-w/pico-sdk/lib/lwip/src/core/netif.c.obj
LOAD CMakeFiles/hello_world.dir/root/pico-w/pico-sdk/lib/lwip/src/core/pbuf.c.obj
LOAD CMakeFiles/hello_world.dir/root/pico-w/pico-sdk/lib/lwip/src/core/raw.c.obj
LOAD CMakeFiles/hello_world.dir/root/pico-w/pico-sdk/lib/lwip/src/core/stats.c.obj
LOAD CMakeFiles/hello_world.dir/root/pico-w/pico-sdk/lib/lwip/src/core/sys.c.obj
LOAD CMakeFiles/hello_world.dir/root/pico-w/pico-sdk/lib/lwip/src/core/altcp.c.obj
LOAD CMakeFiles/hello_world.dir/root/pico-w/pico-sdk/lib/lwip/src/core/altcp_alloc.c.obj
LOAD CMakeFiles/hello_world.dir/root/pico-w/pico-sdk/lib/lwip/src/core/altcp_tcp.c.obj
LOAD CMakeFiles/hello_world.dir/root/pico-w/pico-sdk/lib/lwip/src/core/tcp.c.obj
LOAD CMakeFiles/hello_world.dir/root/pico-w/pico-sdk/lib/lwip/src/core/tcp_in.c.obj
LOAD CMakeFiles/hello_world.dir/root/pico-w/pico-sdk/lib/lwip/src/core/tcp_out.c.obj
LOAD CMakeFiles/hello_world.dir/root/pico-w/pico-sdk/lib/lwip/src/core/timeouts.c.obj
LOAD CMakeFiles/hello_world.dir/root/pico-w/pico-sdk/lib/lwip/src/core/udp.c.obj
LOAD CMakeFiles/hello_world.dir/root/pico-w/pico-sdk/lib/lwip/src/core/ipv4/autoip.c.obj
LOAD CMakeFiles/hello_world.dir/root/pico-w/pico-sdk/lib/lwip/src/core/ipv4/dhcp.c.obj
LOAD CMakeFiles/hello_world.dir/root/pico-w/pico-sdk/lib/lwip/src/core/ipv4/etharp.c.obj
LOAD CMakeFiles/hello_world.dir/root/pico-w/pico-sdk/lib/lwip/src/core/ipv4/icmp.c.obj
LOAD CMakeFiles/hello_world.dir/root/pico-w/pico-sdk/lib/lwip/src/core/ipv4/igmp.c.obj
LOAD CMakeFiles/hello_world.dir/root/pico-w/pico-sdk/lib/lwip/src/core/ipv4/ip4_frag.c.obj
LOAD CMakeFiles/hello_world.dir/root/pico-w/pico-sdk/lib/lwip/src/core/ipv4/ip4.c.obj
LOAD CMakeFiles/hello_world.dir/root/pico-w/pico-sdk/lib/lwip/src/core/ipv4/ip4_addr.c.obj
LOAD CMakeFiles/hello_world.dir/root/pico-w/pico-sdk/lib/lwip/src/core/ipv4/acd.c.obj
LOAD CMakeFiles/hello_world.dir/root/pico-w/pico-sdk/lib/lwip/src/core/ipv6/dhcp6.c.obj
LOAD CMakeFiles/hello_world.dir/root/pico-w/pico-sdk/lib/lwip/src/core/ipv6/ethip6.c.obj
LOAD CMakeFiles/hello_world.dir/root/pico-w/pico-sdk/lib/lwip/src/core/ipv6/icmp6.c.obj
LOAD CMakeFiles/hello_world.dir/root/pico-w/pico-sdk/lib/lwip/src/core/ipv6/inet6.c.obj
LOAD CMakeFiles/hello_world.dir/root/pico-w/pico-sdk/lib/lwip/src/core/ipv6/ip6.c.obj
LOAD CMakeFiles/hello_world.dir/root/pico-w/pico-sdk/lib/lwip/src/core/ipv6/ip6_addr.c.obj
LOAD CMakeFiles/hello_world.dir/root/pico-w/pico-sdk/lib/lwip/src/core/ipv6/ip6_frag.c.obj
LOAD CMakeFiles/hello_world.dir/root/pico-w/pico-sdk/lib/lwip/src/core/ipv6/mld6.c.obj
LOAD CMakeFiles/hello_world.dir/root/pico-w/pico-sdk/lib/lwip/src/core/ipv6/nd6.c.obj
LOAD CMakeFiles/hello_world.dir/root/pico-w/pico-sdk/lib/lwip/src/api/api_lib.c.obj
LOAD CMakeFiles/hello_world.dir/root/pico-w/pico-sdk/lib/lwip/src/api/api_msg.c.obj
LOAD CMakeFiles/hello_world.dir/root/pico-w/pico-sdk/lib/lwip/src/api/err.c.obj
LOAD CMakeFiles/hello_world.dir/root/pico-w/pico-sdk/lib/lwip/src/api/if_api.c.obj
LOAD CMakeFiles/hello_world.dir/root/pico-w/pico-sdk/lib/lwip/src/api/netbuf.c.obj
LOAD CMakeFiles/hello_world.dir/root/pico-w/pico-sdk/lib/lwip/src/api/netdb.c.obj
LOAD CMakeFiles/hello_world.dir/root/pico-w/pico-sdk/lib/lwip/src/api/netifapi.c.obj
LOAD CMakeFiles/hello_world.dir/root/pico-w/pico-sdk/lib/lwip/src/api/sockets.c.obj
LOAD CMakeFiles/hello_world.dir/root/pico-w/pico-sdk/lib/lwip/src/api/tcpip.c.obj
LOAD CMakeFiles/hello_world.dir/root/pico-w/pico-sdk/lib/lwip/src/netif/ethernet.c.obj
LOAD CMakeFiles/hello_world.dir/root/pico-w/pico-sdk/lib/lwip/src/netif/bridgeif.c.obj
LOAD CMakeFiles/hello_world.dir/root/pico-w/pico-sdk/lib/lwip/src/netif/bridgeif_fdb.c.obj
LOAD CMakeFiles/hello_world.dir/root/pico-w/pico-sdk/lib/lwip/src/netif/slipif.c.obj
LOAD CMakeFiles/hello_world.dir/root/pico-w/pico-sdk/lib/lwip/src/netif/lowpan6_common.c.obj
LOAD CMakeFiles/hello_world.dir/root/pico-w/pico-sdk/lib/lwip/src/netif/lowpan6.c.obj
LOAD CMakeFiles/hello_world.dir/root/pico-w/pico-sdk/lib/lwip/src/netif/lowpan6_ble.c.obj
LOAD CMakeFiles/hello_world.dir/root/pico-w/pico-sdk/lib/lwip/src/netif/zepif.c.obj
LOAD CMakeFiles/hello_world.dir/root/pico-w/pico-sdk/lib/lwip/src/netif/ppp/auth.c.obj
LOAD CMakeFiles/hello_world.dir/root/pico-w/pico-sdk/lib/lwip/src/netif/ppp/ccp.c.obj
LOAD CMakeFiles/hello_world.dir/root/pico-w/pico-sdk/lib/lwip/src/netif/ppp/chap-md5.c.obj
LOAD CMakeFiles/hello_world.dir/root/pico-w/pico-sdk/lib/lwip/src/netif/ppp/chap_ms.c.obj
LOAD CMakeFiles/hello_world.dir/root/pico-w/pico-sdk/lib/lwip/src/netif/ppp/chap-new.c.obj
LOAD CMakeFiles/hello_world.dir/root/pico-w/pico-sdk/lib/lwip/src/netif/ppp/demand.c.obj
LOAD CMakeFiles/hello_world.dir/root/pico-w/pico-sdk/lib/lwip/src/netif/ppp/eap.c.obj
LOAD CMakeFiles/hello_world.dir/root/pico-w/pico-sdk/lib/lwip/src/netif/ppp/ecp.c.obj
LOAD CMakeFiles/hello_world.dir/root/pico-w/pico-sdk/lib/lwip/src/netif/ppp/eui64.c.obj
LOAD CMakeFiles/hello_world.dir/root/pico-w/pico-sdk/lib/lwip/src/netif/ppp/fsm.c.obj
LOAD CMakeFiles/hello_world.dir/root/pico-w/pico-sdk/lib/lwip/src/netif/ppp/ipcp.c.obj
LOAD CMakeFiles/hello_world.dir/root/pico-w/pico-sdk/lib/lwip/src/netif/ppp/ipv6cp.c.obj
LOAD CMakeFiles/hello_world.dir/root/pico-w/pico-sdk/lib/lwip/src/netif/ppp/lcp.c.obj
LOAD CMakeFiles/hello_world.dir/root/pico-w/pico-sdk/lib/lwip/src/netif/ppp/magic.c.obj
LOAD CMakeFiles/hello_world.dir/root/pico-w/pico-sdk/lib/lwip/src/netif/ppp/mppe.c.obj
LOAD CMakeFiles/hello_world.dir/root/pico-w/pico-sdk/lib/lwip/src/netif/ppp/multilink.c.obj
LOAD CMakeFiles/hello_world.dir/root/pico-w/pico-sdk/lib/lwip/src/netif/ppp/ppp.c.obj
LOAD CMakeFiles/hello_world.dir/root/pico-w/pico-sdk/lib/lwip/src/netif/ppp/pppapi.c.obj
LOAD CMakeFiles/hello_world.dir/root/pico-w/pico-sdk/lib/lwip/src/netif/ppp/pppcrypt.c.obj
LOAD CMakeFiles/hello_world.dir/root/pico-w/pico-sdk/lib/lwip/src/netif/ppp/pppoe.c.obj
LOAD CMakeFiles/hello_world.dir/root/pico-w/pico-sdk/lib/lwip/src/netif/ppp/pppol2tp.c.obj
LOAD CMakeFiles/hello_world.dir/root/pico-w/pico-sdk/lib/lwip/src/netif/ppp/pppos.c.obj
LOAD CMakeFiles/hello_world.dir/root/pico-w/pico-sdk/lib/lwip/src/netif/ppp/upap.c.obj
LOAD CMakeFiles/hello_world.dir/root/pico-w/pico-sdk/lib/lwip/src/netif/ppp/utils.c.obj
LOAD CMakeFiles/hello_world.dir/root/pico-w/pico-sdk/lib/lwip/src/netif/ppp/vj.c.obj
LOAD CMakeFiles/hello_world.dir/root/pico-w/pico-sdk/lib/lwip/src/netif/ppp/polarssl/arc4.c.obj
LOAD CMakeFiles/hello_world.dir/root/pico-w/pico-sdk/lib/lwip/src/netif/ppp/polarssl/des.c.obj
LOAD CMakeFiles/hello_world.dir/root/pico-w/pico-sdk/lib/lwip/src/netif/ppp/polarssl/md4.c.obj
LOAD CMakeFiles/hello_world.dir/root/pico-w/pico-sdk/lib/lwip/src/netif/ppp/polarssl/md5.c.obj
LOAD CMakeFiles/hello_world.dir/root/pico-w/pico-sdk/lib/lwip/src/netif/ppp/polarssl/sha1.c.obj
LOAD CMakeFiles/hello_world.dir/root/pico-w/pico-sdk/src/rp2_common/pico_cyw43_arch/cyw43_arch.c.obj
LOAD CMakeFiles/hello_world.dir/root/pico-w/pico-sdk/src/rp2_common/pico_cyw43_arch/cyw43_arch_poll.c.obj
LOAD CMakeFiles/hello_world.dir/root/pico-w/pico-sdk/src/rp2_common/pico_cyw43_arch/cyw43_arch_threadsafe_background.c.obj
LOAD CMakeFiles/hello_world.dir/root/pico-w/pico-sdk/src/rp2_common/pico_cyw43_arch/cyw43_arch_freertos.c.obj
LOAD CMakeFiles/hello_world.dir/root/pico-w/pico-sdk/src/rp2_common/pico_cyw43_driver/cyw43_bus_pio_spi.c.obj
LOAD CMakeFiles/hello_world.dir/root/pico-w/pico-sdk/lib/cyw43-driver/src/cyw43_ll.c.obj
LOAD CMakeFiles/hello_world.dir/root/pico-w/pico-sdk/lib/cyw43-driver/src/cyw43_stats.c.obj
LOAD CMakeFiles/hello_world.dir/root/pico-w/pico-sdk/lib/cyw43-driver/src/cyw43_lwip.c.obj
LOAD CMakeFiles/hello_world.dir/root/pico-w/pico-sdk/lib/cyw43-driver/src/cyw43_ctrl.c.obj
LOAD CMakeFiles/hello_world.dir/root/pico-w/pico-sdk/src/rp2_common/pico_cyw43_driver/cybt_shared_bus/cybt_shared_bus.c.obj
LOAD CMakeFiles/hello_world.dir/root/pico-w/pico-sdk/src/rp2_common/pico_cyw43_driver/cybt_shared_bus/cybt_shared_bus_driver.c.obj
LOAD CMakeFiles/hello_world.dir/root/pico-w/pico-sdk/src/rp2_common/hardware_pio/pio.c.obj
LOAD CMakeFiles/hello_world.dir/root/pico-w/pico-sdk/src/rp2_common/hardware_dma/dma.c.obj
LOAD CMakeFiles/hello_world.dir/root/pico-w/pico-sdk/src/rp2_common/hardware_exception/exception.c.obj
LOAD CMakeFiles/hello_world.dir/root/pico-w/pico-sdk/src/rp2_common/pico_cyw43_driver/cyw43_driver.c.obj
LOAD CMakeFiles/hello_world.dir/root/pico-w/pico-sdk/src/rp2_common/pico_async_context/async_context_threadsafe_background.c.obj
LOAD /tmp/ccsWt6WR.o
LOAD /usr/lib/gcc/arm-none-eabi/9.2.1/../../../arm-none-eabi/lib/thumb/v6-m/nofp/libstdc++.a
LOAD /usr/lib/gcc/arm-none-eabi/9.2.1/../../../arm-none-eabi/lib/thumb/v6-m/nofp/libm.a
START GROUP
LOAD /usr/lib/gcc/arm-none-eabi/9.2.1/thumb/v6-m/nofp/libgcc.a
LOAD /usr/lib/gcc/arm-none-eabi/9.2.1/../../../arm-none-eabi/lib/thumb/v6-m/nofp/libc.a
END GROUP
START GROUP
LOAD /usr/lib/gcc/arm-none-eabi/9.2.1/thumb/v6-m/nofp/libgcc.a
LOAD /usr/lib/gcc/arm-none-eabi/9.2.1/../../../arm-none-eabi/lib/thumb/v6-m/nofp/libc.a
LOAD /usr/lib/gcc/arm-none-eabi/9.2.1/../../../arm-none-eabi/lib/thumb/v6-m/nofp/libnosys.a
END GROUP
LOAD /usr/lib/gcc/arm-none-eabi/9.2.1/thumb/v6-m/nofp/crtend.o
LOAD /usr/lib/gcc/arm-none-eabi/9.2.1/thumb/v6-m/nofp/crtn.o
OUTPUT(hello_world.elf elf32-littlearm)
LOAD linker stubs

.ARM.attributes
                0x0000000000000000       0x28
 .ARM.attributes
                0x0000000000000000       0x1e /usr/lib/gcc/arm-none-eabi/9.2.1/thumb/v6-m/nofp/crti.o
 .ARM.attributes
                0x000000000000001e       0x2c /usr/lib/gcc/arm-none-eabi/9.2.1/thumb/v6-m/nofp/crtbegin.o
 .ARM.attributes
                0x000000000000004a       0x2c CMakeFiles/hello_world.dir/hello_world.c.obj
 .ARM.attributes
                0x0000000000000076       0x2c CMakeFiles/hello_world.dir/root/pico-w/pico-sdk/src/rp2_common/pico_stdlib/stdlib.c.obj
 .ARM.attributes
                0x00000000000000a2       0x2c CMakeFiles/hello_world.dir/root/pico-w/pico-sdk/src/rp2_common/hardware_gpio/gpio.c.obj
 .ARM.attributes
                0x00000000000000ce       0x2c CMakeFiles/hello_world.dir/root/pico-w/pico-sdk/src/rp2_common/pico_platform/platform.c.obj
 .ARM.attributes
                0x00000000000000fa       0x2c CMakeFiles/hello_world.dir/root/pico-w/pico-sdk/src/rp2_common/hardware_claim/claim.c.obj
 .ARM.attributes
                0x0000000000000126       0x2c CMakeFiles/hello_world.dir/root/pico-w/pico-sdk/src/rp2_common/hardware_sync/sync.c.obj
 .ARM.attributes
                0x0000000000000152       0x2c CMakeFiles/hello_world.dir/root/pico-w/pico-sdk/src/rp2_common/hardware_irq/irq.c.obj
 .ARM.attributes
                0x000000000000017e       0x22 CMakeFiles/hello_world.dir/root/pico-w/pico-sdk/src/rp2_common/hardware_irq/irq_handler_chain.S.obj
 .ARM.attributes
                0x00000000000001a0       0x2c CMakeFiles/hello_world.dir/root/pico-w/pico-sdk/src/common/pico_sync/lock_core.c.obj
 .ARM.attributes
                0x00000000000001cc       0x2c CMakeFiles/hello_world.dir/root/pico-w/pico-sdk/src/common/pico_sync/mutex.c.obj
 .ARM.attributes
                0x00000000000001f8       0x2c CMakeFiles/hello_world.dir/root/pico-w/pico-sdk/src/common/pico_time/time.c.obj
 .ARM.attributes
                0x0000000000000224       0x2c CMakeFiles/hello_world.dir/root/pico-w/pico-sdk/src/rp2_common/hardware_timer/timer.c.obj
 .ARM.attributes
                0x0000000000000250       0x2c CMakeFiles/hello_world.dir/root/pico-w/pico-sdk/src/common/pico_util/pheap.c.obj
 .ARM.attributes
                0x000000000000027c       0x2c CMakeFiles/hello_world.dir/root/pico-w/pico-sdk/src/rp2_common/hardware_uart/uart.c.obj
 .ARM.attributes
                0x00000000000002a8       0x2c CMakeFiles/hello_world.dir/root/pico-w/pico-sdk/src/rp2_common/hardware_clocks/clocks.c.obj
 .ARM.attributes
                0x00000000000002d4       0x2c CMakeFiles/hello_world.dir/root/pico-w/pico-sdk/src/rp2_common/hardware_pll/pll.c.obj
 .ARM.attributes
                0x0000000000000300       0x2c CMakeFiles/hello_world.dir/root/pico-w/pico-sdk/src/rp2_common/hardware_watchdog/watchdog.c.obj
 .ARM.attributes
                0x000000000000032c       0x2c CMakeFiles/hello_world.dir/root/pico-w/pico-sdk/src/rp2_common/hardware_xosc/xosc.c.obj
 .ARM.attributes
                0x0000000000000358       0x2c CMakeFiles/hello_world.dir/root/pico-w/pico-sdk/src/rp2_common/pico_runtime/runtime.c.obj
 .ARM.attributes
                0x0000000000000384       0x2c CMakeFiles/hello_world.dir/root/pico-w/pico-sdk/src/rp2_common/pico_printf/printf.c.obj
 .ARM.attributes
                0x00000000000003b0       0x22 CMakeFiles/hello_world.dir/root/pico-w/pico-sdk/src/rp2_common/pico_bit_ops/bit_ops_aeabi.S.obj
 .ARM.attributes
                0x00000000000003d2       0x2c CMakeFiles/hello_world.dir/root/pico-w/pico-sdk/src/rp2_common/pico_bootrom/bootrom.c.obj
 .ARM.attributes
                0x00000000000003fe       0x22 CMakeFiles/hello_world.dir/root/pico-w/pico-sdk/src/rp2_common/pico_divider/divider.S.obj
 .ARM.attributes
                0x0000000000000420       0x22 CMakeFiles/hello_world.dir/root/pico-w/pico-sdk/src/rp2_common/pico_double/double_aeabi.S.obj
 .ARM.attributes
                0x0000000000000442       0x2c CMakeFiles/hello_world.dir/root/pico-w/pico-sdk/src/rp2_common/pico_double/double_init_rom.c.obj
 .ARM.attributes
                0x000000000000046e       0x22 CMakeFiles/hello_world.dir/root/pico-w/pico-sdk/src/rp2_common/pico_double/double_v1_rom_shim.S.obj
 .ARM.attributes
                0x0000000000000490       0x22 CMakeFiles/hello_world.dir/root/pico-w/pico-sdk/src/rp2_common/pico_float/float_aeabi.S.obj
 .ARM.attributes
                0x00000000000004b2       0x2c CMakeFiles/hello_world.dir/root/pico-w/pico-sdk/src/rp2_common/pico_float/float_init_rom.c.obj
 .ARM.attributes
                0x00000000000004de       0x22 CMakeFiles/hello_world.dir/root/pico-w/pico-sdk/src/rp2_common/pico_mem_ops/mem_ops_aeabi.S.obj
 .ARM.attributes
                0x0000000000000500       0x22 CMakeFiles/hello_world.dir/root/pico-w/pico-sdk/src/rp2_common/pico_standard_link/crt0.S.obj
 .ARM.attributes
                0x0000000000000522       0x32 CMakeFiles/hello_world.dir/root/pico-w/pico-sdk/src/rp2_common/pico_standard_link/binary_info.c.obj
 .ARM.attributes
                0x0000000000000554       0x2c CMakeFiles/hello_world.dir/root/pico-w/pico-sdk/src/rp2_common/pico_stdio/stdio.c.obj
 .ARM.attributes
                0x0000000000000580       0x2c CMakeFiles/hello_world.dir/root/pico-w/pico-sdk/src/rp2_common/pico_stdio_uart/stdio_uart.c.obj
 .ARM.attributes
                0x00000000000005ac       0x2c CMakeFiles/hello_world.dir/root/pico-w/pico-sdk/src/rp2_common/pico_unique_id/unique_id.c.obj
 .ARM.attributes
                0x00000000000005d8       0x2c CMakeFiles/hello_world.dir/root/pico-w/pico-sdk/src/rp2_common/hardware_flash/flash.c.obj
 .ARM.attributes
                0x0000000000000604       0x22 /tmp/ccsWt6WR.o
 .ARM.attributes
                0x0000000000000626       0x1e /usr/lib/gcc/arm-none-eabi/9.2.1/thumb/v6-m/nofp/libgcc.a(_dvmd_tls.o)
 .ARM.attributes
                0x0000000000000644       0x2c /usr/lib/gcc/arm-none-eabi/9.2.1/../../../arm-none-eabi/lib/thumb/v6-m/nofp/libc.a(lib_a-strlen-stub.o)
 .ARM.attributes
                0x0000000000000670       0x2c /usr/lib/gcc/arm-none-eabi/9.2.1/thumb/v6-m/nofp/crtend.o

.comment        0x0000000000000000       0xa7
 .comment       0x0000000000000000       0x59 /usr/lib/gcc/arm-none-eabi/9.2.1/thumb/v6-m/nofp/crtbegin.o
                                         0x5a (size before relaxing)
 .comment       0x0000000000000059       0x5a CMakeFiles/hello_world.dir/hello_world.c.obj
 .comment       0x0000000000000059       0x5a CMakeFiles/hello_world.dir/root/pico-w/pico-sdk/src/rp2_common/pico_stdlib/stdlib.c.obj
 .comment       0x0000000000000059       0x5a CMakeFiles/hello_world.dir/root/pico-w/pico-sdk/src/rp2_common/hardware_gpio/gpio.c.obj
 .comment       0x0000000000000059       0x5a CMakeFiles/hello_world.dir/root/pico-w/pico-sdk/src/rp2_common/pico_platform/platform.c.obj
 .comment       0x0000000000000059       0x5a CMakeFiles/hello_world.dir/root/pico-w/pico-sdk/src/rp2_common/hardware_claim/claim.c.obj
 .comment       0x0000000000000059       0x5a CMakeFiles/hello_world.dir/root/pico-w/pico-sdk/src/rp2_common/hardware_sync/sync.c.obj
 .comment       0x0000000000000059       0x5a CMakeFiles/hello_world.dir/root/pico-w/pico-sdk/src/rp2_common/hardware_irq/irq.c.obj
 .comment       0x0000000000000059       0x5a CMakeFiles/hello_world.dir/root/pico-w/pico-sdk/src/common/pico_sync/lock_core.c.obj
 .comment       0x0000000000000059       0x5a CMakeFiles/hello_world.dir/root/pico-w/pico-sdk/src/common/pico_sync/mutex.c.obj
 .comment       0x0000000000000059       0x5a CMakeFiles/hello_world.dir/root/pico-w/pico-sdk/src/common/pico_time/time.c.obj
 .comment       0x0000000000000059       0x5a CMakeFiles/hello_world.dir/root/pico-w/pico-sdk/src/rp2_common/hardware_timer/timer.c.obj
 .comment       0x0000000000000059       0x5a CMakeFiles/hello_world.dir/root/pico-w/pico-sdk/src/common/pico_util/pheap.c.obj
 .comment       0x0000000000000059       0x5a CMakeFiles/hello_world.dir/root/pico-w/pico-sdk/src/rp2_common/hardware_uart/uart.c.obj
 .comment       0x0000000000000059       0x5a CMakeFiles/hello_world.dir/root/pico-w/pico-sdk/src/rp2_common/hardware_clocks/clocks.c.obj
 .comment       0x0000000000000059       0x5a CMakeFiles/hello_world.dir/root/pico-w/pico-sdk/src/rp2_common/hardware_pll/pll.c.obj
 .comment       0x0000000000000059       0x5a CMakeFiles/hello_world.dir/root/pico-w/pico-sdk/src/rp2_common/hardware_watchdog/watchdog.c.obj
 .comment       0x0000000000000059       0x5a CMakeFiles/hello_world.dir/root/pico-w/pico-sdk/src/rp2_common/hardware_xosc/xosc.c.obj
 .comment       0x0000000000000059       0x5a CMakeFiles/hello_world.dir/root/pico-w/pico-sdk/src/rp2_common/pico_runtime/runtime.c.obj
 .comment       0x0000000000000059       0x5a CMakeFiles/hello_world.dir/root/pico-w/pico-sdk/src/rp2_common/pico_printf/printf.c.obj
 .comment       0x0000000000000059       0x5a CMakeFiles/hello_world.dir/root/pico-w/pico-sdk/src/rp2_common/pico_bootrom/bootrom.c.obj
 .comment       0x0000000000000059       0x5a CMakeFiles/hello_world.dir/root/pico-w/pico-sdk/src/rp2_common/pico_double/double_init_rom.c.obj
 .comment       0x0000000000000059       0x5a CMakeFiles/hello_world.dir/root/pico-w/pico-sdk/src/rp2_common/pico_float/float_init_rom.c.obj
 .comment       0x0000000000000059       0x5a CMakeFiles/hello_world.dir/root/pico-w/pico-sdk/src/rp2_common/pico_standard_link/binary_info.c.obj
 .comment       0x0000000000000059       0x5a CMakeFiles/hello_world.dir/root/pico-w/pico-sdk/src/rp2_common/pico_stdio/stdio.c.obj
 .comment       0x0000000000000059       0x5a CMakeFiles/hello_world.dir/root/pico-w/pico-sdk/src/rp2_common/pico_stdio_uart/stdio_uart.c.obj
 .comment       0x0000000000000059       0x5a CMakeFiles/hello_world.dir/root/pico-w/pico-sdk/src/rp2_common/pico_unique_id/unique_id.c.obj
 .comment       0x0000000000000059       0x5a CMakeFiles/hello_world.dir/root/pico-w/pico-sdk/src/rp2_common/hardware_flash/flash.c.obj
 .comment       0x0000000000000059       0x4e /usr/lib/gcc/arm-none-eabi/9.2.1/../../../arm-none-eabi/lib/thumb/v6-m/nofp/libc.a(lib_a-strlen-stub.o)
                                         0x4f (size before relaxing)
 .comment       0x00000000000000a7       0x5a /usr/lib/gcc/arm-none-eabi/9.2.1/thumb/v6-m/nofp/crtend.o

.debug_line     0x0000000000000000      0x222
 .debug_line    0x0000000000000000       0x60 /usr/lib/gcc/arm-none-eabi/9.2.1/thumb/v6-m/nofp/libgcc.a(_dvmd_tls.o)
 .debug_line    0x0000000000000060      0x1c2 /usr/lib/gcc/arm-none-eabi/9.2.1/../../../arm-none-eabi/lib/thumb/v6-m/nofp/libc.a(lib_a-strlen-stub.o)

.debug_info     0x0000000000000000      0x999
 .debug_info    0x0000000000000000       0x26 /usr/lib/gcc/arm-none-eabi/9.2.1/thumb/v6-m/nofp/libgcc.a(_dvmd_tls.o)
 .debug_info    0x0000000000000026      0x973 /usr/lib/gcc/arm-none-eabi/9.2.1/../../../arm-none-eabi/lib/thumb/v6-m/nofp/libc.a(lib_a-strlen-stub.o)

.debug_abbrev   0x0000000000000000      0x1fc
 .debug_abbrev  0x0000000000000000       0x14 /usr/lib/gcc/arm-none-eabi/9.2.1/thumb/v6-m/nofp/libgcc.a(_dvmd_tls.o)
 .debug_abbrev  0x0000000000000014      0x1e8 /usr/lib/gcc/arm-none-eabi/9.2.1/../../../arm-none-eabi/lib/thumb/v6-m/nofp/libc.a(lib_a-strlen-stub.o)

.debug_aranges  0x0000000000000000       0x40
 .debug_aranges
                0x0000000000000000       0x20 /usr/lib/gcc/arm-none-eabi/9.2.1/thumb/v6-m/nofp/libgcc.a(_dvmd_tls.o)
 .debug_aranges
                0x0000000000000020       0x20 /usr/lib/gcc/arm-none-eabi/9.2.1/../../../arm-none-eabi/lib/thumb/v6-m/nofp/libc.a(lib_a-strlen-stub.o)

.debug_str      0x0000000000000000      0x613
 .debug_str     0x0000000000000000       0xa3 /usr/lib/gcc/arm-none-eabi/9.2.1/thumb/v6-m/nofp/libgcc.a(_dvmd_tls.o)
 .debug_str     0x00000000000000a3      0x570 /usr/lib/gcc/arm-none-eabi/9.2.1/../../../arm-none-eabi/lib/thumb/v6-m/nofp/libc.a(lib_a-strlen-stub.o)
                                        0x5c2 (size before relaxing)

.debug_loc      0x0000000000000000       0xa3
 .debug_loc     0x0000000000000000       0xa3 /usr/lib/gcc/arm-none-eabi/9.2.1/../../../arm-none-eabi/lib/thumb/v6-m/nofp/libc.a(lib_a-strlen-stub.o)

.debug_frame    0x0000000000000000       0x28
 .debug_frame   0x0000000000000000       0x28 /usr/lib/gcc/arm-none-eabi/9.2.1/../../../arm-none-eabi/lib/thumb/v6-m/nofp/libc.a(lib_a-strlen-stub.o)
